pc64-adca
pc64-adcax
pc64-adcay
pc64-adcb
pc64-adcix
pc64-adciy
pc64-adcz
pc64-adczx
pc64-alrb
pc64-ancb
pc64-anda
pc64-andax
pc64-anday
pc64-andb
pc64-andix
pc64-andiy
pc64-andz
pc64-andzx
pc64-aneb
pc64-arrb
pc64-asla
pc64-aslax
pc64-asln
pc64-aslz
pc64-aslzx
pc64-asoa
pc64-asoax
pc64-asoay
pc64-asoix
pc64-asoiy
pc64-asoz
pc64-asozx
pc64-axsa
pc64-axsix
pc64-axsz
pc64-axszy
pc64-bccr
pc64-bcsr
pc64-beqr
pc64-bita
pc64-bitz
pc64-bmir
pc64-bner
pc64-bplr
pc64-brkn
pc64-bvcr
pc64-bvsr
pc64-clcn
pc64-cldn
pc64-clin
pc64-clvn
pc64-cmpa
pc64-cmpax
pc64-cmpay
pc64-cmpb
pc64-cmpix
pc64-cmpiy
pc64-cmpz
pc64-cmpzx
pc64-cpxa
pc64-cpxb
pc64-cpxz
pc64-cpya
pc64-cpyb
pc64-cpyz
pc64-dcma
pc64-dcmax
pc64-dcmay
pc64-dcmix
pc64-dcmiy
pc64-dcmz
pc64-dcmzx
pc64-deca
pc64-decax
pc64-decz
pc64-deczx
pc64-dexn
pc64-deyn
pc64-eora
pc64-eorax
pc64-eoray
pc64-eorb
pc64-eorix
pc64-eoriy
pc64-eorz
pc64-eorzx
pc64-inca
pc64-incax
pc64-incz
pc64-inczx
pc64-insa
pc64-insax
pc64-insay
pc64-insix
pc64-insiy
pc64-insz
pc64-inszx
pc64-inxn
pc64-inyn
pc64-jmpi
pc64-jmpw
pc64-jsrw
pc64-lasay
pc64-laxa
pc64-laxay
pc64-laxix
pc64-laxiy
pc64-laxz
pc64-laxzy
pc64-ldaa
pc64-ldaax
pc64-ldaay
pc64-ldab
pc64-ldaix
pc64-ldaiy
pc64-ldaz
pc64-ldazx
