pc64-ldxa
pc64-ldxay
pc64-ldxb
pc64-ldxz
pc64-ldxzy
pc64-ldya
pc64-ldyax
pc64-ldyb
pc64-ldyz
pc64-ldyzx
pc64-lsea
pc64-lseax
pc64-lseay
pc64-lseix
pc64-lseiy
pc64-lsez
pc64-lsezx
pc64-lsra
pc64-lsrax
pc64-lsrn
pc64-lsrz
pc64-lsrzx
pc64-lxab
pc64-nopa
pc64-nopax
pc64-nopb
pc64-nopn
pc64-nopz
pc64-nopzx
pc64-oraa
pc64-oraax
pc64-oraay
pc64-orab
pc64-oraix
pc64-oraiy
pc64-oraz
pc64-orazx
pc64-phan
pc64-phpn
pc64-plan
pc64-plpn
pc64-rlaa
pc64-rlaax
pc64-rlaay
pc64-rlaix
pc64-rlaiy
pc64-rlaz
pc64-rlazx
pc64-rola
pc64-rolax
pc64-roln
pc64-rolz
pc64-rolzx
pc64-rora
pc64-rorax
pc64-rorn
pc64-rorz
pc64-rorzx
pc64-rraa
pc64-rraax
pc64-rraay
pc64-rraix
pc64-rraiy
pc64-rraz
pc64-rrazx
pc64-rtin
pc64-rtsn
pc64-sbca
pc64-sbcax
pc64-sbcay
pc64-sbcb
pc64-sbcb-eb
pc64-sbcix
pc64-sbciy
pc64-sbcz
pc64-sbczx
pc64-sbxb
pc64-secn
pc64-sedn
pc64-sein
pc64-shaay
pc64-shaiy
pc64-shsay
pc64-shxay
pc64-shyax
pc64-staa
pc64-staax
pc64-staay
pc64-staix
pc64-staiy
pc64-staz
pc64-stazx
pc64-stxa
pc64-stxz
pc64-stxzy
pc64-stya
pc64-styz
pc64-styzx
pc64-taxn
pc64-tayn
pc64-tsxn
pc64-txan
pc64-txsn
pc64-tyan
